<?php return array (
  0 => 'Symfony\\Bundle\\FrameworkBundle\\Controller\\AbstractController',
  1 => 'App\\Controller\\AllusersController',
  2 => 'App\\Controller\\BanController',
  3 => 'App\\Controller\\BlogController',
  4 => 'App\\Controller\\CategoryController',
  5 => 'App\\Controller\\ChallengeController',
  6 => 'App\\Controller\\ChatBController',
  7 => 'App\\Controller\\CommentController',
  8 => 'App\\Controller\\DashboardController',
  9 => 'App\\Controller\\DashboardHomePageController',
  10 => 'App\\Controller\\DemandetravailController',
  11 => 'App\\Controller\\ExploreController',
  12 => 'App\\Controller\\FavorisTuroialController',
  13 => 'App\\Controller\\GrosmotsController',
  14 => 'App\\Controller\\HomeController',
  15 => 'App\\Controller\\JsonController',
  16 => 'App\\Controller\\LignepanierController',
  17 => 'App\\Controller\\MapController',
  18 => 'App\\Controller\\OffretravailController',
  19 => 'App\\Controller\\OffretravailarchiveController',
  20 => 'App\\Controller\\OffretravailmobileController',
  21 => 'App\\Controller\\PanierController',
  22 => 'App\\Controller\\ParticipationController',
  23 => 'App\\Controller\\PaymentController',
  24 => 'App\\Controller\\PostController',
  25 => 'App\\Controller\\PostLikeController',
  26 => 'App\\Controller\\ProduitsBackController',
  27 => 'App\\Controller\\ProduitsController',
  28 => 'App\\Controller\\ProduitsMobileController',
  29 => 'App\\Controller\\RatingController',
  30 => 'App\\Controller\\RatingTutorielController',
  31 => 'App\\Controller\\SearchController',
  32 => 'App\\Controller\\SmsController',
  33 => 'App\\Controller\\StudiodashboardController',
  34 => 'App\\Controller\\TutorielController',
  35 => 'App\\Controller\\TutorielMobileController',
  36 => 'App\\Controller\\VideoController',
  37 => 'App\\Controller\\VideoMobileController',
  38 => 'App\\Controller\\ViewController',
  39 => 'App\\Entity\\Allusers',
  40 => 'App\\Entity\\AllusersProvider',
  41 => 'App\\Entity\\Artistepostuler',
  42 => 'App\\Entity\\Ban',
  43 => 'App\\Entity\\Category',
  44 => 'App\\Entity\\Challenge',
  45 => 'App\\Entity\\Comment',
  46 => 'App\\Entity\\Demandetravail',
  47 => 'App\\Entity\\FavorisTuroial',
  48 => 'App\\Entity\\Grosmots',
  49 => 'App\\Entity\\Lignepanier',
  50 => 'App\\Entity\\Offretravail',
  51 => 'App\\Entity\\Offretravailarchive',
  52 => 'App\\Entity\\Panier',
  53 => 'App\\Entity\\Participation',
  54 => 'App\\Entity\\Post',
  55 => 'App\\Entity\\PostLike',
  56 => 'App\\Entity\\Produits',
  57 => 'App\\Entity\\Rating',
  58 => 'App\\Entity\\RatingTutoriel',
  59 => 'App\\Entity\\Tutoriel',
  60 => 'App\\Entity\\Video',
  61 => 'App\\Entity\\View',
  62 => 'Doctrine\\Bundle\\DoctrineBundle\\Controller\\ProfilerController',
  63 => 'Doctrine\\ORM\\Cache\\Persister\\Entity\\AbstractEntityPersister',
  64 => 'Doctrine\\ORM\\Cache\\Persister\\Entity\\CachedEntityPersister',
  65 => 'Doctrine\\ORM\\Cache\\Persister\\Entity\\NonStrictReadWriteCachedEntityPersister',
  66 => 'Doctrine\\ORM\\Cache\\Persister\\Entity\\ReadOnlyCachedEntityPersister',
  67 => 'Doctrine\\ORM\\Cache\\Persister\\Entity\\ReadWriteCachedEntityPersister',
  68 => 'Doctrine\\ORM\\Persisters\\Entity\\AbstractEntityInheritancePersister',
  69 => 'Doctrine\\ORM\\Persisters\\Entity\\BasicEntityPersister',
  70 => 'Doctrine\\ORM\\Persisters\\Entity\\CachedPersisterContext',
  71 => 'Doctrine\\ORM\\Persisters\\Entity\\EntityPersister',
  72 => 'Doctrine\\ORM\\Persisters\\Entity\\JoinedSubclassPersister',
  73 => 'Doctrine\\ORM\\Persisters\\Entity\\SingleTablePersister',
  74 => 'Endroid\\QrCodeBundle\\Controller\\GenerateController',
  76 => 'Symfony\\Bundle\\FrameworkBundle\\Controller\\ControllerResolver',
  77 => 'Symfony\\Bundle\\FrameworkBundle\\Controller\\RedirectController',
  78 => 'Symfony\\Bundle\\FrameworkBundle\\Controller\\TemplateController',
  79 => 'Symfony\\Bundle\\WebProfilerBundle\\Controller\\ExceptionPanelController',
  80 => 'Symfony\\Bundle\\WebProfilerBundle\\Controller\\ProfilerController',
  81 => 'Symfony\\Bundle\\WebProfilerBundle\\Controller\\RouterController',
  82 => 'Symfony\\Component\\HttpKernel\\Controller\\ArgumentResolver',
  83 => 'Symfony\\Component\\HttpKernel\\Controller\\ArgumentResolverInterface',
  84 => 'Symfony\\Component\\HttpKernel\\Controller\\ArgumentResolver\\DefaultValueResolver',
  85 => 'Symfony\\Component\\HttpKernel\\Controller\\ArgumentResolver\\NotTaggedControllerValueResolver',
  86 => 'Symfony\\Component\\HttpKernel\\Controller\\ArgumentResolver\\RequestAttributeValueResolver',
  87 => 'Symfony\\Component\\HttpKernel\\Controller\\ArgumentResolver\\RequestValueResolver',
  88 => 'Symfony\\Component\\HttpKernel\\Controller\\ArgumentResolver\\ServiceValueResolver',
  89 => 'Symfony\\Component\\HttpKernel\\Controller\\ArgumentResolver\\SessionValueResolver',
  90 => 'Symfony\\Component\\HttpKernel\\Controller\\ArgumentResolver\\TraceableValueResolver',
  91 => 'Symfony\\Component\\HttpKernel\\Controller\\ArgumentResolver\\VariadicValueResolver',
  92 => 'Symfony\\Component\\HttpKernel\\Controller\\ArgumentValueResolverInterface',
  93 => 'Symfony\\Component\\HttpKernel\\Controller\\ContainerControllerResolver',
  94 => 'Symfony\\Component\\HttpKernel\\Controller\\ControllerReference',
  95 => 'Symfony\\Component\\HttpKernel\\Controller\\ControllerResolver',
  96 => 'Symfony\\Component\\HttpKernel\\Controller\\ControllerResolverInterface',
  97 => 'Symfony\\Component\\HttpKernel\\Controller\\ErrorController',
  98 => 'Symfony\\Component\\HttpKernel\\Controller\\TraceableArgumentResolver',
  99 => 'Symfony\\Component\\HttpKernel\\Controller\\TraceableControllerResolver',
  100 => 'Symfony\\Component\\Security\\Http\\Controller\\UserValueResolver',
  101 => 'Symfony\\UX\\Autocomplete\\Controller\\EntityAutocompleteController',
  102 => 'Twilio\\Rest\\Verify\\V2\\Service\\Entity\\ChallengeContext',
  103 => 'Twilio\\Rest\\Verify\\V2\\Service\\Entity\\ChallengeInstance',
  104 => 'Twilio\\Rest\\Verify\\V2\\Service\\Entity\\ChallengeList',
  105 => 'Twilio\\Rest\\Verify\\V2\\Service\\Entity\\ChallengeOptions',
  106 => 'Twilio\\Rest\\Verify\\V2\\Service\\Entity\\ChallengePage',
  107 => 'Twilio\\Rest\\Verify\\V2\\Service\\Entity\\Challenge\\NotificationInstance',
  108 => 'Twilio\\Rest\\Verify\\V2\\Service\\Entity\\Challenge\\NotificationList',
  109 => 'Twilio\\Rest\\Verify\\V2\\Service\\Entity\\Challenge\\NotificationOptions',
  110 => 'Twilio\\Rest\\Verify\\V2\\Service\\Entity\\Challenge\\NotificationPage',
  111 => 'Twilio\\Rest\\Verify\\V2\\Service\\Entity\\FactorContext',
  112 => 'Twilio\\Rest\\Verify\\V2\\Service\\Entity\\FactorInstance',
  113 => 'Twilio\\Rest\\Verify\\V2\\Service\\Entity\\FactorList',
  114 => 'Twilio\\Rest\\Verify\\V2\\Service\\Entity\\FactorOptions',
  115 => 'Twilio\\Rest\\Verify\\V2\\Service\\Entity\\FactorPage',
  116 => 'Twilio\\Rest\\Verify\\V2\\Service\\Entity\\NewFactorInstance',
  117 => 'Twilio\\Rest\\Verify\\V2\\Service\\Entity\\NewFactorList',
  118 => 'Twilio\\Rest\\Verify\\V2\\Service\\Entity\\NewFactorOptions',
  119 => 'Twilio\\Rest\\Verify\\V2\\Service\\Entity\\NewFactorPage',
);