<?php return array (
  0 => 'Symfony\\Bundle\\FrameworkBundle\\Controller\\AbstractController',
  1 => 'App\\Controller\\AllusersController',
  2 => 'App\\Controller\\BanController',
  3 => 'App\\Controller\\CategoryController',
  4 => 'App\\Controller\\ChallengeController',
  5 => 'App\\Controller\\CommentController',
  6 => 'App\\Controller\\DemandetravailController',
  7 => 'App\\Controller\\FavorisTuroialController',
  8 => 'App\\Controller\\GrosmotsController',
  9 => 'App\\Controller\\HomeController',
  10 => 'App\\Controller\\JsonController',
  11 => 'App\\Controller\\LignepanierController',
  12 => 'App\\Controller\\OffretravailController',
  13 => 'App\\Controller\\OffretravailarchiveController',
  14 => 'App\\Controller\\OffretravailmobileController',
  15 => 'App\\Controller\\PanierController',
  16 => 'App\\Controller\\ParticipationController',
  17 => 'App\\Controller\\PostController',
  18 => 'App\\Controller\\PostLikeController',
  19 => 'App\\Controller\\ProduitsController',
  20 => 'App\\Controller\\RatingController',
  21 => 'App\\Controller\\SmsController',
  22 => 'App\\Controller\\TutorielController',
  23 => 'App\\Controller\\VideoController',
  24 => 'App\\Controller\\ViewController',
  25 => 'App\\Entity\\Allusers',
  26 => 'App\\Entity\\AllusersProvider',
  27 => 'App\\Entity\\Artistepostuler',
  28 => 'App\\Entity\\Ban',
  29 => 'App\\Entity\\Category',
  30 => 'App\\Entity\\Challenge',
  31 => 'App\\Entity\\Comment',
  32 => 'App\\Entity\\Demandetravail',
  33 => 'App\\Entity\\FavorisTuroial',
  34 => 'App\\Entity\\Grosmots',
  35 => 'App\\Entity\\Lignepanier',
  36 => 'App\\Entity\\Offretravail',
  37 => 'App\\Entity\\Offretravailarchive',
  38 => 'App\\Entity\\Panier',
  39 => 'App\\Entity\\Participation',
  40 => 'App\\Entity\\Post',
  41 => 'App\\Entity\\PostLike',
  42 => 'App\\Entity\\Produits',
  43 => 'App\\Entity\\Rating',
  44 => 'App\\Entity\\Tutoriel',
  45 => 'App\\Entity\\Video',
  46 => 'App\\Entity\\View',
  47 => 'Doctrine\\Bundle\\DoctrineBundle\\Controller\\ProfilerController',
  48 => 'Doctrine\\ORM\\Cache\\Persister\\Entity\\AbstractEntityPersister',
  49 => 'Doctrine\\ORM\\Cache\\Persister\\Entity\\CachedEntityPersister',
  50 => 'Doctrine\\ORM\\Cache\\Persister\\Entity\\NonStrictReadWriteCachedEntityPersister',
  51 => 'Doctrine\\ORM\\Cache\\Persister\\Entity\\ReadOnlyCachedEntityPersister',
  52 => 'Doctrine\\ORM\\Cache\\Persister\\Entity\\ReadWriteCachedEntityPersister',
  53 => 'Doctrine\\ORM\\Persisters\\Entity\\AbstractEntityInheritancePersister',
  54 => 'Doctrine\\ORM\\Persisters\\Entity\\BasicEntityPersister',
  55 => 'Doctrine\\ORM\\Persisters\\Entity\\CachedPersisterContext',
  56 => 'Doctrine\\ORM\\Persisters\\Entity\\EntityPersister',
  57 => 'Doctrine\\ORM\\Persisters\\Entity\\JoinedSubclassPersister',
  58 => 'Doctrine\\ORM\\Persisters\\Entity\\SingleTablePersister',
  60 => 'Symfony\\Bundle\\FrameworkBundle\\Controller\\ControllerResolver',
  61 => 'Symfony\\Bundle\\FrameworkBundle\\Controller\\RedirectController',
  62 => 'Symfony\\Bundle\\FrameworkBundle\\Controller\\TemplateController',
  63 => 'Symfony\\Bundle\\WebProfilerBundle\\Controller\\ExceptionPanelController',
  64 => 'Symfony\\Bundle\\WebProfilerBundle\\Controller\\ProfilerController',
  65 => 'Symfony\\Bundle\\WebProfilerBundle\\Controller\\RouterController',
  66 => 'Symfony\\Component\\HttpKernel\\Controller\\ArgumentResolver',
  67 => 'Symfony\\Component\\HttpKernel\\Controller\\ArgumentResolverInterface',
  68 => 'Symfony\\Component\\HttpKernel\\Controller\\ArgumentResolver\\DefaultValueResolver',
  69 => 'Symfony\\Component\\HttpKernel\\Controller\\ArgumentResolver\\NotTaggedControllerValueResolver',
  70 => 'Symfony\\Component\\HttpKernel\\Controller\\ArgumentResolver\\RequestAttributeValueResolver',
  71 => 'Symfony\\Component\\HttpKernel\\Controller\\ArgumentResolver\\RequestValueResolver',
  72 => 'Symfony\\Component\\HttpKernel\\Controller\\ArgumentResolver\\ServiceValueResolver',
  73 => 'Symfony\\Component\\HttpKernel\\Controller\\ArgumentResolver\\SessionValueResolver',
  74 => 'Symfony\\Component\\HttpKernel\\Controller\\ArgumentResolver\\TraceableValueResolver',
  75 => 'Symfony\\Component\\HttpKernel\\Controller\\ArgumentResolver\\VariadicValueResolver',
  76 => 'Symfony\\Component\\HttpKernel\\Controller\\ArgumentValueResolverInterface',
  77 => 'Symfony\\Component\\HttpKernel\\Controller\\ContainerControllerResolver',
  78 => 'Symfony\\Component\\HttpKernel\\Controller\\ControllerReference',
  79 => 'Symfony\\Component\\HttpKernel\\Controller\\ControllerResolver',
  80 => 'Symfony\\Component\\HttpKernel\\Controller\\ControllerResolverInterface',
  81 => 'Symfony\\Component\\HttpKernel\\Controller\\ErrorController',
  82 => 'Symfony\\Component\\HttpKernel\\Controller\\TraceableArgumentResolver',
  83 => 'Symfony\\Component\\HttpKernel\\Controller\\TraceableControllerResolver',
  84 => 'Symfony\\Component\\Security\\Http\\Controller\\UserValueResolver',
  85 => 'Twilio\\Rest\\Verify\\V2\\Service\\Entity\\ChallengeContext',
  86 => 'Twilio\\Rest\\Verify\\V2\\Service\\Entity\\ChallengeInstance',
  87 => 'Twilio\\Rest\\Verify\\V2\\Service\\Entity\\ChallengeList',
  88 => 'Twilio\\Rest\\Verify\\V2\\Service\\Entity\\ChallengeOptions',
  89 => 'Twilio\\Rest\\Verify\\V2\\Service\\Entity\\ChallengePage',
  90 => 'Twilio\\Rest\\Verify\\V2\\Service\\Entity\\Challenge\\NotificationInstance',
  91 => 'Twilio\\Rest\\Verify\\V2\\Service\\Entity\\Challenge\\NotificationList',
  92 => 'Twilio\\Rest\\Verify\\V2\\Service\\Entity\\Challenge\\NotificationOptions',
  93 => 'Twilio\\Rest\\Verify\\V2\\Service\\Entity\\Challenge\\NotificationPage',
  94 => 'Twilio\\Rest\\Verify\\V2\\Service\\Entity\\FactorContext',
  95 => 'Twilio\\Rest\\Verify\\V2\\Service\\Entity\\FactorInstance',
  96 => 'Twilio\\Rest\\Verify\\V2\\Service\\Entity\\FactorList',
  97 => 'Twilio\\Rest\\Verify\\V2\\Service\\Entity\\FactorOptions',
  98 => 'Twilio\\Rest\\Verify\\V2\\Service\\Entity\\FactorPage',
  99 => 'Twilio\\Rest\\Verify\\V2\\Service\\Entity\\NewFactorInstance',
  100 => 'Twilio\\Rest\\Verify\\V2\\Service\\Entity\\NewFactorList',
  101 => 'Twilio\\Rest\\Verify\\V2\\Service\\Entity\\NewFactorOptions',
  102 => 'Twilio\\Rest\\Verify\\V2\\Service\\Entity\\NewFactorPage',
);