<?php return array (
  0 => 'Symfony\\Bundle\\FrameworkBundle\\Controller\\AbstractController',
  1 => 'App\\Controller\\AllusersController',
  2 => 'App\\Controller\\BanController',
  3 => 'App\\Controller\\BlogController',
  4 => 'App\\Controller\\CategoryController',
  5 => 'App\\Controller\\ChallengeController',
  6 => 'App\\Controller\\CommentController',
  7 => 'App\\Controller\\DashboardHomePageController',
  8 => 'App\\Controller\\DemandetravailController',
  9 => 'App\\Controller\\ExploreController',
  10 => 'App\\Controller\\FavorisTuroialController',
  11 => 'App\\Controller\\GrosmotsController',
  12 => 'App\\Controller\\HomeController',
  13 => 'App\\Controller\\LignepanierController',
  14 => 'App\\Controller\\OffretravailController',
  15 => 'App\\Controller\\OffretravailarchiveController',
  16 => 'App\\Controller\\PanierController',
  17 => 'App\\Controller\\ParticipationController',
  18 => 'App\\Controller\\PostController',
  19 => 'App\\Controller\\PostLikeController',
  20 => 'App\\Controller\\ProduitsController',
  21 => 'App\\Controller\\RatingController',
  22 => 'App\\Controller\\SearchController',
  23 => 'App\\Controller\\TutorielController',
  24 => 'App\\Controller\\VideoController',
  25 => 'App\\Controller\\ViewController',
  26 => 'App\\Entity\\Allusers',
  27 => 'App\\Entity\\Artistepostuler',
  28 => 'App\\Entity\\Ban',
  29 => 'App\\Entity\\Category',
  30 => 'App\\Entity\\Challenge',
  31 => 'App\\Entity\\Comment',
  32 => 'App\\Entity\\Demandetravail',
  33 => 'App\\Entity\\FavorisTuroial',
  34 => 'App\\Entity\\Grosmots',
  35 => 'App\\Entity\\Lignepanier',
  36 => 'App\\Entity\\Offretravail',
  37 => 'App\\Entity\\Offretravailarchive',
  38 => 'App\\Entity\\Panier',
  39 => 'App\\Entity\\Participation',
  40 => 'App\\Entity\\Post',
  41 => 'App\\Entity\\PostLike',
  42 => 'App\\Entity\\Produits',
  43 => 'App\\Entity\\Rating',
  44 => 'App\\Entity\\Tutoriel',
  45 => 'App\\Entity\\Video',
  46 => 'App\\Entity\\View',
  47 => 'Doctrine\\Bundle\\DoctrineBundle\\Controller\\ProfilerController',
  48 => 'Doctrine\\ORM\\Cache\\Persister\\Entity\\AbstractEntityPersister',
  49 => 'Doctrine\\ORM\\Cache\\Persister\\Entity\\CachedEntityPersister',
  50 => 'Doctrine\\ORM\\Cache\\Persister\\Entity\\NonStrictReadWriteCachedEntityPersister',
  51 => 'Doctrine\\ORM\\Cache\\Persister\\Entity\\ReadOnlyCachedEntityPersister',
  52 => 'Doctrine\\ORM\\Cache\\Persister\\Entity\\ReadWriteCachedEntityPersister',
  53 => 'Doctrine\\ORM\\Persisters\\Entity\\AbstractEntityInheritancePersister',
  54 => 'Doctrine\\ORM\\Persisters\\Entity\\BasicEntityPersister',
  55 => 'Doctrine\\ORM\\Persisters\\Entity\\CachedPersisterContext',
  56 => 'Doctrine\\ORM\\Persisters\\Entity\\EntityPersister',
  57 => 'Doctrine\\ORM\\Persisters\\Entity\\JoinedSubclassPersister',
  58 => 'Doctrine\\ORM\\Persisters\\Entity\\SingleTablePersister',
  59 => 'JMS\\TranslationBundle\\Controller\\ApiController',
  60 => 'JMS\\TranslationBundle\\Controller\\TranslateController',
  61 => 'Liip\\ImagineBundle\\Config\\Controller\\ControllerConfig',
  62 => 'Liip\\ImagineBundle\\Controller\\ImagineController',
  64 => 'Symfony\\Bundle\\FrameworkBundle\\Controller\\ControllerResolver',
  65 => 'Symfony\\Bundle\\FrameworkBundle\\Controller\\RedirectController',
  66 => 'Symfony\\Bundle\\FrameworkBundle\\Controller\\TemplateController',
  67 => 'Symfony\\Bundle\\WebProfilerBundle\\Controller\\ExceptionPanelController',
  68 => 'Symfony\\Bundle\\WebProfilerBundle\\Controller\\ProfilerController',
  69 => 'Symfony\\Bundle\\WebProfilerBundle\\Controller\\RouterController',
  70 => 'Symfony\\Component\\HttpKernel\\Controller\\ArgumentResolver',
  71 => 'Symfony\\Component\\HttpKernel\\Controller\\ArgumentResolverInterface',
  72 => 'Symfony\\Component\\HttpKernel\\Controller\\ArgumentResolver\\DefaultValueResolver',
  73 => 'Symfony\\Component\\HttpKernel\\Controller\\ArgumentResolver\\NotTaggedControllerValueResolver',
  74 => 'Symfony\\Component\\HttpKernel\\Controller\\ArgumentResolver\\RequestAttributeValueResolver',
  75 => 'Symfony\\Component\\HttpKernel\\Controller\\ArgumentResolver\\RequestValueResolver',
  76 => 'Symfony\\Component\\HttpKernel\\Controller\\ArgumentResolver\\ServiceValueResolver',
  77 => 'Symfony\\Component\\HttpKernel\\Controller\\ArgumentResolver\\SessionValueResolver',
  78 => 'Symfony\\Component\\HttpKernel\\Controller\\ArgumentResolver\\TraceableValueResolver',
  79 => 'Symfony\\Component\\HttpKernel\\Controller\\ArgumentResolver\\VariadicValueResolver',
  80 => 'Symfony\\Component\\HttpKernel\\Controller\\ArgumentValueResolverInterface',
  81 => 'Symfony\\Component\\HttpKernel\\Controller\\ContainerControllerResolver',
  82 => 'Symfony\\Component\\HttpKernel\\Controller\\ControllerReference',
  83 => 'Symfony\\Component\\HttpKernel\\Controller\\ControllerResolver',
  84 => 'Symfony\\Component\\HttpKernel\\Controller\\ControllerResolverInterface',
  85 => 'Symfony\\Component\\HttpKernel\\Controller\\ErrorController',
  86 => 'Symfony\\Component\\HttpKernel\\Controller\\TraceableArgumentResolver',
  87 => 'Symfony\\Component\\HttpKernel\\Controller\\TraceableControllerResolver',
  88 => 'Symfony\\Component\\Security\\Http\\Controller\\UserValueResolver',
);